[INFO] Scanning for projects...
[INFO] 
[INFO] ----------------------< com.mss:gateway-service >-----------------------
[INFO] Building gateway-service 0.0.1-SNAPSHOT
[INFO]   from pom.xml
[INFO] --------------------------------[ jar ]---------------------------------
[INFO] 
[INFO] --- clean:3.4.1:clean (default-clean) @ gateway-service ---
[INFO] Deleting C:\Users\Chinh\Documents\GitHub\MSS\be_microservices\gateway-service\target
[INFO] 
[INFO] >>> spring-boot:3.5.0:run (default-cli) > test-compile @ gateway-service >>>
[INFO] 
[INFO] --- resources:3.3.1:resources (default-resources) @ gateway-service ---
[INFO] Copying 1 resource from src\main\resources to target\classes
[INFO] Copying 0 resource from src\main\resources to target\classes
[INFO] 
[INFO] --- compiler:3.14.0:compile (default-compile) @ gateway-service ---
[INFO] Recompiling the module because of changed source code.
[INFO] Compiling 1 source file with javac [debug parameters release 21] to target\classes
[INFO] 
[INFO] --- resources:3.3.1:testResources (default-testResources) @ gateway-service ---
[INFO] skip non existing resourceDirectory C:\Users\Chinh\Documents\GitHub\MSS\be_microservices\gateway-service\src\test\resources
[INFO] 
[INFO] --- compiler:3.14.0:testCompile (default-testCompile) @ gateway-service ---
[INFO] No sources to compile
[INFO] 
[INFO] <<< spring-boot:3.5.0:run (default-cli) < test-compile @ gateway-service <<<
[INFO] 
[INFO] 
[INFO] --- spring-boot:3.5.0:run (default-cli) @ gateway-service ---
[INFO] Attaching agents: []

  .   ____          _            __ _ _
 /\\ / ___'_ __ _ _(_)_ __  __ _ \ \ \ \
( ( )\___ | '_ | '_| | '_ \/ _` | \ \ \ \
 \\/  ___)| |_)| | | | | || (_| |  ) ) ) )
  '  |____| .__|_| |_|_| |_\__, | / / / /
 =========|_|==============|___/=/_/_/_/

 :: Spring Boot ::                (v3.5.0)

2026-03-24T22:47:58.769+07:00  INFO 25140 --- [gateway-service] [           main] c.mss.gateway.GatewayServiceApplication  : Starting GatewayServiceApplication using Java 21.0.3 with PID 25140 (C:\Users\Chinh\Documents\GitHub\MSS\be_microservices\gateway-service\target\classes started by Chinh in C:\Users\Chinh\Documents\GitHub\MSS\be_microservices\gateway-service)
2026-03-24T22:47:58.772+07:00  INFO 25140 --- [gateway-service] [           main] c.mss.gateway.GatewayServiceApplication  : No active profile set, falling back to 1 default profile: "default"
2026-03-24T22:47:59.648+07:00  INFO 25140 --- [gateway-service] [           main] o.s.cloud.context.scope.GenericScope     : BeanFactory id=180b1499-1334-395d-b7d1-5da4ff74c661
2026-03-24T22:48:01.018+07:00  INFO 25140 --- [gateway-service] [           main] o.s.cloud.commons.util.InetUtils         : Cannot determine local hostname
2026-03-24T22:48:02.583+07:00  INFO 25140 --- [gateway-service] [           main] o.s.c.g.r.RouteDefinitionRouteLocator    : Loaded RoutePredicateFactory [After]
2026-03-24T22:48:02.583+07:00  INFO 25140 --- [gateway-service] [           main] o.s.c.g.r.RouteDefinitionRouteLocator    : Loaded RoutePredicateFactory [Before]
2026-03-24T22:48:02.583+07:00  INFO 25140 --- [gateway-service] [           main] o.s.c.g.r.RouteDefinitionRouteLocator    : Loaded RoutePredicateFactory [Between]
2026-03-24T22:48:02.583+07:00  INFO 25140 --- [gateway-service] [           main] o.s.c.g.r.RouteDefinitionRouteLocator    : Loaded RoutePredicateFactory [Cookie]
2026-03-24T22:48:02.583+07:00  INFO 25140 --- [gateway-service] [           main] o.s.c.g.r.RouteDefinitionRouteLocator    : Loaded RoutePredicateFactory [Header]
2026-03-24T22:48:02.583+07:00  INFO 25140 --- [gateway-service] [           main] o.s.c.g.r.RouteDefinitionRouteLocator    : Loaded RoutePredicateFactory [Host]
2026-03-24T22:48:02.584+07:00  INFO 25140 --- [gateway-service] [           main] o.s.c.g.r.RouteDefinitionRouteLocator    : Loaded RoutePredicateFactory [Method]
2026-03-24T22:48:02.585+07:00  INFO 25140 --- [gateway-service] [           main] o.s.c.g.r.RouteDefinitionRouteLocator    : Loaded RoutePredicateFactory [Path]
2026-03-24T22:48:02.585+07:00  INFO 25140 --- [gateway-service] [           main] o.s.c.g.r.RouteDefinitionRouteLocator    : Loaded RoutePredicateFactory [Query]
2026-03-24T22:48:02.585+07:00  INFO 25140 --- [gateway-service] [           main] o.s.c.g.r.RouteDefinitionRouteLocator    : Loaded RoutePredicateFactory [ReadBody]
2026-03-24T22:48:02.587+07:00  INFO 25140 --- [gateway-service] [           main] o.s.c.g.r.RouteDefinitionRouteLocator    : Loaded RoutePredicateFactory [RemoteAddr]
2026-03-24T22:48:02.587+07:00  INFO 25140 --- [gateway-service] [           main] o.s.c.g.r.RouteDefinitionRouteLocator    : Loaded RoutePredicateFactory [XForwardedRemoteAddr]
2026-03-24T22:48:02.587+07:00  INFO 25140 --- [gateway-service] [           main] o.s.c.g.r.RouteDefinitionRouteLocator    : Loaded RoutePredicateFactory [Weight]
2026-03-24T22:48:02.587+07:00  INFO 25140 --- [gateway-service] [           main] o.s.c.g.r.RouteDefinitionRouteLocator    : Loaded RoutePredicateFactory [CloudFoundryRouteService]
2026-03-24T22:48:04.352+07:00  INFO 25140 --- [gateway-service] [           main] o.s.cloud.commons.util.InetUtils         : Cannot determine local hostname
2026-03-24T22:48:04.611+07:00  INFO 25140 --- [gateway-service] [           main] o.s.b.a.e.web.EndpointLinksResolver      : Exposing 2 endpoints beneath base path '/actuator'
2026-03-24T22:48:05.913+07:00  INFO 25140 --- [gateway-service] [           main] o.s.b.web.embedded.netty.NettyWebServer  : Netty started on port 8080 (http)
2026-03-24T22:48:06.979+07:00  INFO 25140 --- [gateway-service] [           main] o.s.cloud.commons.util.InetUtils         : Cannot determine local hostname
2026-03-24T22:48:08.061+07:00  INFO 25140 --- [gateway-service] [           main] o.s.cloud.commons.util.InetUtils         : Cannot determine local hostname
2026-03-24T22:48:08.209+07:00  INFO 25140 --- [gateway-service] [           main] c.mss.gateway.GatewayServiceApplication  : Started GatewayServiceApplication in 10.809 seconds (process running for 11.147)
