[INFO] Scanning for projects...
[INFO] 
[INFO] ---------------------< com.mss:operations-service >---------------------
[INFO] Building operations-service 0.0.1-SNAPSHOT
[INFO]   from pom.xml
[INFO] --------------------------------[ jar ]---------------------------------
[INFO] 
[INFO] --- clean:3.4.1:clean (default-clean) @ operations-service ---
[INFO] Deleting C:\Users\Chinh\Documents\GitHub\MSS\be_microservices\operations-service\target
[INFO] 
[INFO] >>> spring-boot:3.5.0:run (default-cli) > test-compile @ operations-service >>>
[INFO] 
[INFO] --- resources:3.3.1:resources (default-resources) @ operations-service ---
[INFO] Copying 1 resource from src\main\resources to target\classes
[INFO] Copying 0 resource from src\main\resources to target\classes
[INFO] 
[INFO] --- compiler:3.14.0:compile (default-compile) @ operations-service ---
[INFO] Recompiling the module because of changed source code.
[INFO] Compiling 18 source files with javac [debug parameters release 21] to target\classes
[INFO] 
[INFO] --- resources:3.3.1:testResources (default-testResources) @ operations-service ---
[INFO] skip non existing resourceDirectory C:\Users\Chinh\Documents\GitHub\MSS\be_microservices\operations-service\src\test\resources
[INFO] 
[INFO] --- compiler:3.14.0:testCompile (default-testCompile) @ operations-service ---
[INFO] No sources to compile
[INFO] 
[INFO] <<< spring-boot:3.5.0:run (default-cli) < test-compile @ operations-service <<<
[INFO] 
[INFO] 
[INFO] --- spring-boot:3.5.0:run (default-cli) @ operations-service ---
[INFO] Attaching agents: []

  .   ____          _            __ _ _
 /\\ / ___'_ __ _ _(_)_ __  __ _ \ \ \ \
( ( )\___ | '_ | '_| | '_ \/ _` | \ \ \ \
 \\/  ___)| |_)| | | | | || (_| |  ) ) ) )
  '  |____| .__|_| |_|_| |_\__, | / / / /
 =========|_|==============|___/=/_/_/_/

 :: Spring Boot ::                (v3.5.0)

2026-03-24T22:48:01.718+07:00  INFO 24344 --- [operations-service] [           main] c.m.o.OperationsServiceApplication       : Starting OperationsServiceApplication using Java 21.0.3 with PID 24344 (C:\Users\Chinh\Documents\GitHub\MSS\be_microservices\operations-service\target\classes started by Chinh in C:\Users\Chinh\Documents\GitHub\MSS\be_microservices\operations-service)
2026-03-24T22:48:01.720+07:00  INFO 24344 --- [operations-service] [           main] c.m.o.OperationsServiceApplication       : No active profile set, falling back to 1 default profile: "default"
2026-03-24T22:48:02.419+07:00  INFO 24344 --- [operations-service] [           main] .s.d.r.c.RepositoryConfigurationDelegate : Bootstrapping Spring Data JPA repositories in DEFAULT mode.
2026-03-24T22:48:02.536+07:00  INFO 24344 --- [operations-service] [           main] .s.d.r.c.RepositoryConfigurationDelegate : Finished Spring Data repository scanning in 91 ms. Found 6 JPA repository interfaces.
2026-03-24T22:48:03.059+07:00  INFO 24344 --- [operations-service] [           main] o.s.b.w.embedded.tomcat.TomcatWebServer  : Tomcat initialized with port 8085 (http)
2026-03-24T22:48:03.075+07:00  INFO 24344 --- [operations-service] [           main] o.apache.catalina.core.StandardService   : Starting service [Tomcat]
2026-03-24T22:48:03.075+07:00  INFO 24344 --- [operations-service] [           main] o.apache.catalina.core.StandardEngine    : Starting Servlet engine: [Apache Tomcat/10.1.41]
2026-03-24T22:48:03.128+07:00  INFO 24344 --- [operations-service] [           main] o.a.c.c.C.[Tomcat].[localhost].[/]       : Initializing Spring embedded WebApplicationContext
2026-03-24T22:48:03.129+07:00  INFO 24344 --- [operations-service] [           main] w.s.c.ServletWebServerApplicationContext : Root WebApplicationContext: initialization completed in 1375 ms
2026-03-24T22:48:03.275+07:00  INFO 24344 --- [operations-service] [           main] o.hibernate.jpa.internal.util.LogHelper  : HHH000204: Processing PersistenceUnitInfo [name: default]
2026-03-24T22:48:03.321+07:00  INFO 24344 --- [operations-service] [           main] org.hibernate.Version                    : HHH000412: Hibernate ORM core version 6.6.15.Final
2026-03-24T22:48:03.350+07:00  INFO 24344 --- [operations-service] [           main] o.h.c.internal.RegionFactoryInitiator    : HHH000026: Second-level cache disabled
2026-03-24T22:48:03.579+07:00  INFO 24344 --- [operations-service] [           main] o.s.o.j.p.SpringPersistenceUnitInfo      : No LoadTimeWeaver setup: ignoring JPA class transformer
2026-03-24T22:48:03.603+07:00  INFO 24344 --- [operations-service] [           main] com.zaxxer.hikari.HikariDataSource       : HikariPool-1 - Starting...
2026-03-24T22:48:03.748+07:00  INFO 24344 --- [operations-service] [           main] com.zaxxer.hikari.pool.HikariPool        : HikariPool-1 - Added connection org.postgresql.jdbc.PgConnection@4fbb1144
2026-03-24T22:48:03.750+07:00  INFO 24344 --- [operations-service] [           main] com.zaxxer.hikari.HikariDataSource       : HikariPool-1 - Start completed.
2026-03-24T22:48:03.813+07:00  INFO 24344 --- [operations-service] [           main] org.hibernate.orm.connections.pooling    : HHH10001005: Database info:
	Database JDBC URL [Connecting through datasource 'HikariDataSource (HikariPool-1)']
	Database driver: undefined/unknown
	Database version: 18.0
	Autocommit mode: undefined/unknown
	Isolation level: undefined/unknown
	Minimum pool size: undefined/unknown
	Maximum pool size: undefined/unknown
2026-03-24T22:48:06.026+07:00  INFO 24344 --- [operations-service] [           main] o.h.e.t.j.p.i.JtaPlatformInitiator       : HHH000489: No JTA platform available (set 'hibernate.transaction.jta.platform' to enable JTA platform integration)
2026-03-24T22:48:06.101+07:00  INFO 24344 --- [operations-service] [           main] j.LocalContainerEntityManagerFactoryBean : Initialized JPA EntityManagerFactory for persistence unit 'default'
2026-03-24T22:48:07.023+07:00  WARN 24344 --- [operations-service] [           main] JpaBaseConfiguration$JpaWebConfiguration : spring.jpa.open-in-view is enabled by default. Therefore, database queries may be performed during view rendering. Explicitly configure spring.jpa.open-in-view to disable this warning
2026-03-24T22:48:07.887+07:00  INFO 24344 --- [operations-service] [           main] o.s.b.w.embedded.tomcat.TomcatWebServer  : Tomcat started on port 8085 (http) with context path '/'
2026-03-24T22:48:07.900+07:00  INFO 24344 --- [operations-service] [           main] c.m.o.OperationsServiceApplication       : Started OperationsServiceApplication in 6.492 seconds (process running for 6.749)
