[INFO] Scanning for projects...
Downloading from central: https://repo.maven.apache.org/maven2/org/flywaydb/maven-metadata.xml
Downloading from central: https://repo.maven.apache.org/maven2/io/github/git-commit-id/maven-metadata.xml
Downloading from central: https://repo.maven.apache.org/maven2/org/cyclonedx/maven-metadata.xml
Downloading from central: https://repo.maven.apache.org/maven2/org/springframework/boot/maven-metadata.xml
Progress (1): 243 BProgress (2): 243 B | 255 BProgress (3): 243 B | 255 B | 249 BProgress (4): 243 B | 255 B | 249 B | 234 B                                           Downloaded from central: https://repo.maven.apache.org/maven2/org/springframework/boot/maven-metadata.xml (249 B at 296 B/s)
Downloaded from central: https://repo.maven.apache.org/maven2/org/cyclonedx/maven-metadata.xml (243 B at 289 B/s)
Downloaded from central: https://repo.maven.apache.org/maven2/io/github/git-commit-id/maven-metadata.xml (255 B at 303 B/s)
Downloaded from central: https://repo.maven.apache.org/maven2/org/flywaydb/maven-metadata.xml (234 B at 278 B/s)
Downloading from central: https://repo.maven.apache.org/maven2/org/liquibase/maven-metadata.xml
Downloading from central: https://repo.maven.apache.org/maven2/org/jetbrains/kotlin/maven-metadata.xml
Downloading from central: https://repo.maven.apache.org/maven2/org/jooq/maven-metadata.xml
Downloading from central: https://repo.maven.apache.org/maven2/org/graalvm/buildtools/maven-metadata.xml
Progress (1): 242 BProgress (2): 242 B | 394 BProgress (3): 242 B | 394 B | 375 BProgress (4): 242 B | 394 B | 375 B | 398 B                                           Downloaded from central: https://repo.maven.apache.org/maven2/org/graalvm/buildtools/maven-metadata.xml (242 B at 3.8 kB/s)
Downloaded from central: https://repo.maven.apache.org/maven2/org/jetbrains/kotlin/maven-metadata.xml (375 B at 5.7 kB/s)
Downloading from central: https://repo.maven.apache.org/maven2/org/apache/maven/plugins/maven-metadata.xml
Downloading from central: https://repo.maven.apache.org/maven2/org/codehaus/mojo/maven-metadata.xml
Downloaded from central: https://repo.maven.apache.org/maven2/org/liquibase/maven-metadata.xml (394 B at 5.9 kB/s)
Downloaded from central: https://repo.maven.apache.org/maven2/org/jooq/maven-metadata.xml (398 B at 5.9 kB/s)
Progress (1): 3.1 kBProgress (1): 7.7 kBProgress (2): 7.7 kB | 4.6 kBProgress (2): 7.7 kB | 9.7 kBProgress (2): 7.7 kB | 14 kB Progress (2): 12 kB | 14 kB Progress (2): 17 kB | 14 kBProgress (2): 20 kB | 14 kBProgress (2): 21 kB | 14 kB                           Downloaded from central: https://repo.maven.apache.org/maven2/org/apache/maven/plugins/maven-metadata.xml (14 kB at 220 kB/s)
Downloaded from central: https://repo.maven.apache.org/maven2/org/codehaus/mojo/maven-metadata.xml (21 kB at 165 kB/s)
[INFO] 
[INFO] ----------------------< com.mss:security-service >----------------------
[INFO] Building security-service 0.0.1-SNAPSHOT
[INFO]   from pom.xml
[INFO] --------------------------------[ jar ]---------------------------------
[INFO] 
[INFO] --- clean:3.4.1:clean (default-clean) @ security-service ---
[INFO] Deleting C:\Users\Chinh\Documents\GitHub\MSS\be_microservices\security-service\target
[INFO] 
[INFO] >>> spring-boot:3.5.0:run (default-cli) > test-compile @ security-service >>>
[INFO] 
[INFO] --- resources:3.3.1:resources (default-resources) @ security-service ---
[INFO] Copying 1 resource from src\main\resources to target\classes
[INFO] Copying 0 resource from src\main\resources to target\classes
[INFO] 
[INFO] --- compiler:3.14.0:compile (default-compile) @ security-service ---
[INFO] Recompiling the module because of changed source code.
[INFO] Compiling 10 source files with javac [debug parameters release 21] to target\classes
[INFO] 
[INFO] --- resources:3.3.1:testResources (default-testResources) @ security-service ---
[INFO] skip non existing resourceDirectory C:\Users\Chinh\Documents\GitHub\MSS\be_microservices\security-service\src\test\resources
[INFO] 
[INFO] --- compiler:3.14.0:testCompile (default-testCompile) @ security-service ---
[INFO] No sources to compile
[INFO] 
[INFO] <<< spring-boot:3.5.0:run (default-cli) < test-compile @ security-service <<<
[INFO] 
[INFO] 
[INFO] --- spring-boot:3.5.0:run (default-cli) @ security-service ---
[INFO] Attaching agents: []

  .   ____          _            __ _ _
 /\\ / ___'_ __ _ _(_)_ __  __ _ \ \ \ \
( ( )\___ | '_ | '_| | '_ \/ _` | \ \ \ \
 \\/  ___)| |_)| | | | | || (_| |  ) ) ) )
  '  |____| .__|_| |_|_| |_\__, | / / / /
 =========|_|==============|___/=/_/_/_/

 :: Spring Boot ::                (v3.5.0)

2026-03-24T20:18:33.037+07:00  INFO 28468 --- [security-service] [           main] c.m.security.SecurityServiceApplication  : Starting SecurityServiceApplication using Java 21.0.3 with PID 28468 (C:\Users\Chinh\Documents\GitHub\MSS\be_microservices\security-service\target\classes started by Chinh in C:\Users\Chinh\Documents\GitHub\MSS\be_microservices\security-service)
2026-03-24T20:18:33.040+07:00  INFO 28468 --- [security-service] [           main] c.m.security.SecurityServiceApplication  : No active profile set, falling back to 1 default profile: "default"
2026-03-24T20:18:34.890+07:00  INFO 28468 --- [security-service] [           main] .s.d.r.c.RepositoryConfigurationDelegate : Bootstrapping Spring Data JPA repositories in DEFAULT mode.
2026-03-24T20:18:36.703+07:00  INFO 28468 --- [security-service] [           main] .s.d.r.c.RepositoryConfigurationDelegate : Finished Spring Data repository scanning in 1428 ms. Found 2 JPA repository interfaces.
2026-03-24T20:18:37.677+07:00  INFO 28468 --- [security-service] [           main] o.s.b.w.embedded.tomcat.TomcatWebServer  : Tomcat initialized with port 8084 (http)
2026-03-24T20:18:37.693+07:00  INFO 28468 --- [security-service] [           main] o.apache.catalina.core.StandardService   : Starting service [Tomcat]
2026-03-24T20:18:37.693+07:00  INFO 28468 --- [security-service] [           main] o.apache.catalina.core.StandardEngine    : Starting Servlet engine: [Apache Tomcat/10.1.41]
2026-03-24T20:18:37.779+07:00  INFO 28468 --- [security-service] [           main] o.a.c.c.C.[Tomcat].[localhost].[/]       : Initializing Spring embedded WebApplicationContext
2026-03-24T20:18:37.781+07:00  INFO 28468 --- [security-service] [           main] w.s.c.ServletWebServerApplicationContext : Root WebApplicationContext: initialization completed in 4649 ms
2026-03-24T20:18:37.988+07:00  INFO 28468 --- [security-service] [           main] o.hibernate.jpa.internal.util.LogHelper  : HHH000204: Processing PersistenceUnitInfo [name: default]
2026-03-24T20:18:38.080+07:00  INFO 28468 --- [security-service] [           main] org.hibernate.Version                    : HHH000412: Hibernate ORM core version 6.6.15.Final
2026-03-24T20:18:38.141+07:00  INFO 28468 --- [security-service] [           main] o.h.c.internal.RegionFactoryInitiator    : HHH000026: Second-level cache disabled
2026-03-24T20:18:39.021+07:00  INFO 28468 --- [security-service] [           main] o.s.o.j.p.SpringPersistenceUnitInfo      : No LoadTimeWeaver setup: ignoring JPA class transformer
2026-03-24T20:18:39.059+07:00  INFO 28468 --- [security-service] [           main] com.zaxxer.hikari.HikariDataSource       : HikariPool-1 - Starting...
2026-03-24T20:18:39.430+07:00  INFO 28468 --- [security-service] [           main] com.zaxxer.hikari.pool.HikariPool        : HikariPool-1 - Added connection org.postgresql.jdbc.PgConnection@600bbf9e
2026-03-24T20:18:39.433+07:00  INFO 28468 --- [security-service] [           main] com.zaxxer.hikari.HikariDataSource       : HikariPool-1 - Start completed.
2026-03-24T20:18:39.592+07:00  INFO 28468 --- [security-service] [           main] org.hibernate.orm.connections.pooling    : HHH10001005: Database info:
	Database JDBC URL [Connecting through datasource 'HikariDataSource (HikariPool-1)']
	Database driver: undefined/unknown
	Database version: 18.0
	Autocommit mode: undefined/unknown
	Isolation level: undefined/unknown
	Minimum pool size: undefined/unknown
	Maximum pool size: undefined/unknown
2026-03-24T20:18:41.312+07:00  INFO 28468 --- [security-service] [           main] o.h.e.t.j.p.i.JtaPlatformInitiator       : HHH000489: No JTA platform available (set 'hibernate.transaction.jta.platform' to enable JTA platform integration)
2026-03-24T20:18:41.504+07:00  INFO 28468 --- [security-service] [           main] j.LocalContainerEntityManagerFactoryBean : Initialized JPA EntityManagerFactory for persistence unit 'default'
2026-03-24T20:18:42.220+07:00  WARN 28468 --- [security-service] [           main] JpaBaseConfiguration$JpaWebConfiguration : spring.jpa.open-in-view is enabled by default. Therefore, database queries may be performed during view rendering. Explicitly configure spring.jpa.open-in-view to disable this warning
2026-03-24T20:18:42.755+07:00  INFO 28468 --- [security-service] [           main] o.s.b.w.embedded.tomcat.TomcatWebServer  : Tomcat started on port 8084 (http) with context path '/'
2026-03-24T20:18:42.765+07:00  INFO 28468 --- [security-service] [           main] c.m.security.SecurityServiceApplication  : Started SecurityServiceApplication in 10.584 seconds (process running for 11.259)
2026-03-24T20:29:02.714+07:00  INFO 28468 --- [security-service] [nio-8084-exec-1] o.a.c.c.C.[Tomcat].[localhost].[/]       : Initializing Spring DispatcherServlet 'dispatcherServlet'
2026-03-24T20:29:02.723+07:00  INFO 28468 --- [security-service] [nio-8084-exec-1] o.s.web.servlet.DispatcherServlet        : Initializing Servlet 'dispatcherServlet'
2026-03-24T20:29:02.767+07:00  INFO 28468 --- [security-service] [nio-8084-exec-1] o.s.web.servlet.DispatcherServlet        : Completed initialization in 43 ms
